[dotenv@17.3.1] injecting env (2) from .env -- tip: ⚙️  specify custom .env file path with { path: '/custom/path/.env' }


  Carbon Credit Token System
    ProjectTokenFactory
      ✔ should deploy a new project token with maxSupply
      ✔ should reject duplicate project IDs
      ✔ should reject zero maxSupply
    ProjectToken - MaxSupply
      ✔ should mint within maxSupply
      ✔ should reject minting beyond maxSupply
      ✔ should only allow owner to mint
      ✔ should allow burnFrom by manager
      ✔ should reject burnFrom by non-authorized address
    CreditPool - Deposit & Withdraw (1:1 CIT)
      ✔ should deposit PT and receive 1:1 CIT
      ✔ should deposit from different projects and get 1:1 CIT each
      ✔ should withdraw proportional PT when burning CIT
      ✔ should reject deposit of unregistered token
      ✔ should reject deposit with zero amount
      ✔ should reject withdraw with zero amount
      ✔ should handle proportional withdraw with two project tokens
    Partial Maturity
      ✔ should burn 10% PT from wallet and mint VCC
      ✔ should burn PT from BOTH wallet and pool during partial maturity
      ✔ should support multi-round maturity (10% then 20% then 30%)
      ✔ should revert partial maturity with invalid percent
      ✔ should handle 100% maturity — burns all PT
      ✔ should verify PT burned equals VCC minted (conservation law)
      ✔ should handle integer rounding in partial maturity
      ✔ should revert maturity on unregistered project
      ✔ should revert maturity when nothing to mature (zero balances)
    TRUE FCFS - claimVCC
      ✔ should allow claiming VCC 1:1 from pool (FCFS)
      ✔ should cap claim at available VCC (burns only matching CIT)
      ✔ should reject claim when pool has zero VCC
      ✔ should handle FCFS across multiple users (59ms)
      ✔ should reject claim with zero amount
    Atomic Offset with NFT Certificate
      ✔ should burn VCC and mint NFT in single transaction
      ✔ should fail offset with zero amount
      ✔ should fail offset when holder has insufficient VCC
      ✔ should mint sequential NFT IDs for multiple offsets
      ✔ should reject offset by non-owner
    Full Lifecycle
      ✔ Buy → Deposit → Mature → Claim → Offset → NFT (47ms)
    Access Control
      ✔ should reject factory createToken by non-owner
      ✔ should reject registerProject by non-owner
      ✔ should reject partialMature by non-owner
      ✔ should reject SECToken mint by non-pool address


  39 passing (5s)

···············································································································
|  [32m[1mSolidity and Network Configuration[22m[39m                                                                         │
··························|·················|···············|·················|································
|  [36mSolidity: 0.8.24[39m       ·  [36mOptim: true[39m    ·  [36mRuns: 200[39m    ·  [36mviaIR: false[39m   ·     [36mBlock: 60,000,000 gas[39m     │
··························|·················|···············|·················|································
|  [32m[1mMethods[22m[39m                                                                                                    │
··························|·················|···············|·················|················|···············
|  [32m[1mContracts / Methods[22m[39m    ·  [1mMin[22m            ·  [1mMax[22m          ·  [1mAvg[22m            ·  [1m# calls[22m       ·  [1musd (avg)[22m   │
··························|·················|···············|·················|················|···············
|  [1mActualCreditToken[22m      ·                                                                                   │
··························|·················|···············|·················|················|···············
|      approve            ·         [36m46,390[39m  ·       [31m46,402[39m  ·         46,401  ·            14  ·           [32m[90m-[39m[32m[39m  │
··························|·················|···············|·················|················|···············
|      burnFrom           ·              [90m-[39m  ·            [90m-[39m  ·         38,617  ·             1  ·           [32m[90m-[39m[32m[39m  │
··························|·················|···············|·················|················|···············
|      mint               ·         [36m55,866[39m  ·       [31m72,990[39m  ·         71,972  ·            34  ·           [32m[90m-[39m[32m[39m  │
··························|·················|···············|·················|················|···············
|      transfer           ·              [90m-[39m  ·            [90m-[39m  ·         51,582  ·             1  ·           [32m[90m-[39m[32m[39m  │
··························|·················|···············|·················|················|···············
|      transferOwnership  ·         [36m28,663[39m  ·       [31m28,675[39m  ·         28,674  ·            39  ·           [32m[90m-[39m[32m[39m  │
··························|·················|···············|·················|················|···············
|  [1mCreditManager[22m          ·                                                                                   │
··························|·················|···············|·················|················|···············
|      mintVcc            ·              [90m-[39m  ·            [90m-[39m  ·         79,994  ·             3  ·           [32m[90m-[39m[32m[39m  │
··························|·················|···············|·················|················|···············
|      offset             ·        [36m207,516[39m  ·      [31m225,063[39m  ·        218,152  ·             4  ·           [32m[90m-[39m[32m[39m  │
··························|·················|···············|·················|················|···············
|      partialMature      ·         [36m78,039[39m  ·      [31m175,109[39m  ·        124,694  ·            13  ·           [32m[90m-[39m[32m[39m  │
··························|·················|···············|·················|················|···············
|      registerProject    ·        [36m117,296[39m  ·      [31m134,408[39m  ·        130,415  ·            30  ·           [32m[90m-[39m[32m[39m  │
··························|·················|···············|·················|················|···············
|  [1mCreditPool[22m             ·                                                                                   │
··························|·················|···············|·················|················|···············
|      claimVCC           ·         [36m73,932[39m  ·       [31m83,520[39m  ·         75,883  ·             5  ·           [32m[90m-[39m[32m[39m  │
··························|·················|···············|·················|················|···············
|      deposit            ·         [36m80,231[39m  ·      [31m136,331[39m  ·        125,038  ·            14  ·           [32m[90m-[39m[32m[39m  │
··························|·················|···············|·················|················|···············
|      transferOwnership  ·         [36m28,615[39m  ·       [31m28,627[39m  ·         28,626  ·            39  ·           [32m[90m-[39m[32m[39m  │
··························|·················|···············|·················|················|···············
|      withdraw           ·         [36m62,640[39m  ·       [31m94,679[39m  ·         78,660  ·             2  ·           [32m[90m-[39m[32m[39m  │
··························|·················|···············|·················|················|···············
|  [1mProjectToken[22m           ·                                                                                   │
··························|·················|···············|·················|················|···············
|      setManager         ·              [90m-[39m  ·            [90m-[39m  ·         46,109  ·            31  ·           [32m[90m-[39m[32m[39m  │
··························|·················|···············|·················|················|···············
|  [1mProjectTokenFactory[22m    ·                                                                                   │
··························|·················|···············|·················|················|···············
|      createToken        ·        [36m799,883[39m  ·      [31m817,019[39m  ·        813,855  ·            38  ·           [32m[90m-[39m[32m[39m  │
··························|·················|···············|·················|················|···············
|  [1mRetirementCertificate[22m  ·                                                                                   │
··························|·················|···············|·················|················|···············
|      transferOwnership  ·         [36m28,663[39m  ·       [31m28,675[39m  ·         28,674  ·            39  ·           [32m[90m-[39m[32m[39m  │
··························|·················|···············|·················|················|···············
|  [1mSECToken[22m               ·                                                                                   │
··························|·················|···············|·················|················|···············
|      setCreditPool      ·         [36m46,097[39m  ·       [31m46,109[39m  ·         46,108  ·            39  ·           [32m[90m-[39m[32m[39m  │
··························|·················|···············|·················|················|···············
|  [32m[1mDeployments[22m[39m                              ·                                 ·  [1m% of limit[22m    ·              │
··························|·················|···············|·················|················|···············
|  [1mActualCreditToken[22m      ·              [90m-[39m  ·            [90m-[39m  ·      1,064,720  ·         1.8 %  ·           [32m[90m-[39m[32m[39m  │
··························|·················|···············|·················|················|···············
|  [1mCreditManager[22m          ·      [36m1,071,852[39m  ·    [31m1,071,876[39m  ·      1,071,872  ·         1.8 %  ·           [32m[90m-[39m[32m[39m  │
··························|·················|···············|·················|················|···············
|  [1mCreditPool[22m             ·        [36m834,020[39m  ·      [31m834,044[39m  ·        834,042  ·         1.4 %  ·           [32m[90m-[39m[32m[39m  │
··························|·················|···············|·················|················|···············
|  [1mProjectTokenFactory[22m    ·              [90m-[39m  ·            [90m-[39m  ·      1,483,198  ·         2.5 %  ·           [32m[90m-[39m[32m[39m  │
··························|·················|···············|·················|················|···············
|  [1mRetirementCertificate[22m  ·              [90m-[39m  ·            [90m-[39m  ·      1,427,020  ·         2.4 %  ·           [32m[90m-[39m[32m[39m  │
··························|·················|···············|·················|················|···············
|  [1mSECToken[22m               ·              [90m-[39m  ·            [90m-[39m  ·        686,877  ·         1.1 %  ·           [32m[90m-[39m[32m[39m  │
··························|·················|···············|·················|················|···············
|  [32m[1mKey[22m[39m                                                                                                        │
···············································································································
|  [35m[1m◯[22m[39m  Execution gas for this method does not include intrinsic gas overhead                                   │
···············································································································
|  [35m[1m△[22m[39m  Cost was non-zero but below the precision setting for the currency display (see options)                │
···············································································································
|  [35mToolchain:[39m  hardhat                                                                                        │
···············································································································
